C:\Attracs\BoldForDelphi\Source
C:\Attracs\BoldForDelphi\Source\BoldAwareGUI
C:\Attracs\BoldForDelphi\Source\BoldAwareGUI\BoldControls
C:\Attracs\BoldForDelphi\Source\BoldAwareGUI\BoldDevex
C:\Attracs\BoldForDelphi\Source\BoldAwareGUI\ControlPacks
C:\Attracs\BoldForDelphi\Source\BoldAwareGUI\Core
C:\Attracs\BoldForDelphi\Source\BoldAwareGUI\FormGen
C:\Attracs\BoldForDelphi\Source\BoldAwareGUI\IDE
C:\Attracs\BoldForDelphi\Source\BoldQAwareGUI
C:\Attracs\BoldForDelphi\Source\BoldQAwareGUI\BoldControls
C:\Attracs\BoldForDelphi\Source\BoldQAwareGUI\ControlPacks
C:\Attracs\BoldForDelphi\Source\BoldQAwareGUI\Core
C:\Attracs\BoldForDelphi\Source\BoldTestCases
C:\Attracs\BoldForDelphi\Source\BoldTestCases\Code
C:\Attracs\BoldForDelphi\Source\BoldTestCases\Code\ClientGUICom
C:\Attracs\BoldForDelphi\Source\BoldTestCases\Code\Common
C:\Attracs\BoldForDelphi\Source\BoldTestCases\Code\Handles
C:\Attracs\BoldForDelphi\Source\BoldTestCases\Code\LockingSupport
C:\Attracs\BoldForDelphi\Source\BoldTestCases\Code\Main
C:\Attracs\BoldForDelphi\Source\BoldTestCases\Code\ObjectSpace
C:\Attracs\BoldForDelphi\Source\BoldTestCases\Code\Persistence
C:\Attracs\BoldForDelphi\Source\BoldTestCases\Code\PersistenceControllers
C:\Attracs\BoldForDelphi\Source\BoldTestCases\Code\ProductControl
C:\Attracs\BoldForDelphi\Source\BoldTestCases\Code\Propagator
C:\Attracs\BoldForDelphi\Source\BoldTestCases\Code\Propagator\MultiClientTest
C:\Attracs\BoldForDelphi\Source\BoldTestCases\Code\Repository
C:\Attracs\BoldForDelphi\Source\BoldTestCases\Code\TestDatabase
C:\Attracs\BoldForDelphi\Source\BoldTestCases\Code\Utils
C:\Attracs\BoldForDelphi\Source\BoldTestCases\Framework
C:\Attracs\BoldForDelphi\Source\BoldTestCases\Framework\UnitTest
C:\Attracs\BoldForDelphi\Source\ClientGuiCom
C:\Attracs\BoldForDelphi\Source\ClientGuiCom\BoldControls
C:\Attracs\BoldForDelphi\Source\ClientGuiCom\ControlPacks
C:\Attracs\BoldForDelphi\Source\ClientGuiCom\Core
C:\Attracs\BoldForDelphi\Source\ClientGuiCom\IDE
C:\Attracs\BoldForDelphi\Source\ClientHandlesCom
C:\Attracs\BoldForDelphi\Source\ClientHandlesCom\Core
C:\Attracs\BoldForDelphi\Source\ClientHandlesCom\IDE
C:\Attracs\BoldForDelphi\Source\Common
C:\Attracs\BoldForDelphi\Source\Common\COM
C:\Attracs\BoldForDelphi\Source\Common\Connection
C:\Attracs\BoldForDelphi\Source\Common\ConnectionCOM
C:\Attracs\BoldForDelphi\Source\Common\ConnectionHandles
C:\Attracs\BoldForDelphi\Source\Common\ConnectionHandlesCOM
C:\Attracs\BoldForDelphi\Source\Common\Core
C:\Attracs\BoldForDelphi\Source\Common\Environment
C:\Attracs\BoldForDelphi\Source\Common\HTTP
C:\Attracs\BoldForDelphi\Source\Common\IDE
C:\Attracs\BoldForDelphi\Source\Common\IDECOM
C:\Attracs\BoldForDelphi\Source\Common\Include
C:\Attracs\BoldForDelphi\Source\Common\Logging
C:\Attracs\BoldForDelphi\Source\Common\MSXML
C:\Attracs\BoldForDelphi\Source\Common\Queue
C:\Attracs\BoldForDelphi\Source\Common\Rose2000
C:\Attracs\BoldForDelphi\Source\Common\Rose98
C:\Attracs\BoldForDelphi\Source\Common\SOAP
C:\Attracs\BoldForDelphi\Source\Common\Subscription
C:\Attracs\BoldForDelphi\Source\Common\Support
C:\Attracs\BoldForDelphi\Source\Common\SupportWin
C:\Attracs\BoldForDelphi\Source\Common\TaggedValues
C:\Attracs\BoldForDelphi\Source\Common\Template
C:\Attracs\BoldForDelphi\Source\Common\UML
C:\Attracs\BoldForDelphi\Source\Common\UtilsGUI
C:\Attracs\BoldForDelphi\Source\ConcurrencyControl
C:\Attracs\BoldForDelphi\Source\ConcurrencyControl\COM
C:\Attracs\BoldForDelphi\Source\ConcurrencyControl\Common
C:\Attracs\BoldForDelphi\Source\ConcurrencyControl\IDECOM
C:\Attracs\BoldForDelphi\Source\Extensions
C:\Attracs\BoldForDelphi\Source\Extensions\OLLE
C:\Attracs\BoldForDelphi\Source\Extensions\OLLE\Core
C:\Attracs\BoldForDelphi\Source\Extensions\OLLE\IDE
C:\Attracs\BoldForDelphi\Source\FreestandingValueSpace
C:\Attracs\BoldForDelphi\Source\FreestandingValueSpace\Core
C:\Attracs\BoldForDelphi\Source\Handles
C:\Attracs\BoldForDelphi\Source\Handles\Actions
C:\Attracs\BoldForDelphi\Source\Handles\COM
C:\Attracs\BoldForDelphi\Source\Handles\Core
C:\Attracs\BoldForDelphi\Source\Handles\IDE
C:\Attracs\BoldForDelphi\Source\Handles\IDECOM
C:\Attracs\BoldForDelphi\Source\Handles\Manipulators
C:\Attracs\BoldForDelphi\Source\Handles\PessimisticLocking
C:\Attracs\BoldForDelphi\Source\Handles\UnLoader
C:\Attracs\BoldForDelphi\Source\Handles\XML
C:\Attracs\BoldForDelphi\Source\Model
C:\Attracs\BoldForDelphi\Source\MoldModel
C:\Attracs\BoldForDelphi\Source\MoldModel\Bld
C:\Attracs\BoldForDelphi\Source\MoldModel\CodeGenerator
C:\Attracs\BoldForDelphi\Source\MoldModel\Core
C:\Attracs\BoldForDelphi\Source\MoldModel\Handles
C:\Attracs\BoldForDelphi\Source\MoldModel\IDE
C:\Attracs\BoldForDelphi\Source\MoldModel\TypeNameDictionary
C:\Attracs\BoldForDelphi\Source\MoldModel\UtilsGUI
C:\Attracs\BoldForDelphi\Source\ObjectSpace
C:\Attracs\BoldForDelphi\Source\ObjectSpace\BORepresentation
C:\Attracs\BoldForDelphi\Source\ObjectSpace\BORepresentation\__history
C:\Attracs\BoldForDelphi\Source\ObjectSpace\COM
C:\Attracs\BoldForDelphi\Source\ObjectSpace\Core
C:\Attracs\BoldForDelphi\Source\ObjectSpace\IDE
C:\Attracs\BoldForDelphi\Source\ObjectSpace\IDE\AttributeWizard
C:\Attracs\BoldForDelphi\Source\ObjectSpace\Interfaces
C:\Attracs\BoldForDelphi\Source\ObjectSpace\Ocl
C:\Attracs\BoldForDelphi\Source\ObjectSpace\PessimisticLocking
C:\Attracs\BoldForDelphi\Source\ObjectSpace\RTModel
C:\Attracs\BoldForDelphi\Source\ObjectSpace\Undo
C:\Attracs\BoldForDelphi\Source\ObjectSpace\Unloader
C:\Attracs\BoldForDelphi\Source\ObjectSpace\UtilsGUI
C:\Attracs\BoldForDelphi\Source\Persistence
C:\Attracs\BoldForDelphi\Source\Persistence\ADO
C:\Attracs\BoldForDelphi\Source\Persistence\Advantage
C:\Attracs\BoldForDelphi\Source\Persistence\BDE
C:\Attracs\BoldForDelphi\Source\Persistence\COM
C:\Attracs\BoldForDelphi\Source\Persistence\Core
C:\Attracs\BoldForDelphi\Source\Persistence\DB
C:\Attracs\BoldForDelphi\Source\Persistence\DBExpress
C:\Attracs\BoldForDelphi\Source\Persistence\DBISAM
C:\Attracs\BoldForDelphi\Source\Persistence\DOA
C:\Attracs\BoldForDelphi\Source\Persistence\ExternalPersistence
C:\Attracs\BoldForDelphi\Source\Persistence\File
C:\Attracs\BoldForDelphi\Source\Persistence\FireDAC
C:\Attracs\BoldForDelphi\Source\Persistence\HTTP
C:\Attracs\BoldForDelphi\Source\Persistence\IBX
C:\Attracs\BoldForDelphi\Source\Persistence\IDE
C:\Attracs\BoldForDelphi\Source\Persistence\IDECOM
C:\Attracs\BoldForDelphi\Source\Persistence\IDEUDP
C:\Attracs\BoldForDelphi\Source\Persistence\ObjectUpgrading
C:\Attracs\BoldForDelphi\Source\Persistence\Propagation
C:\Attracs\BoldForDelphi\Source\Persistence\SOAP
C:\Attracs\BoldForDelphi\Source\Persistence\SQLDirect
C:\Attracs\BoldForDelphi\Source\Persistence\System
C:\Attracs\BoldForDelphi\Source\Persistence\UDPPropagator
C:\Attracs\BoldForDelphi\Source\Persistence\UniDAC
C:\Attracs\BoldForDelphi\Source\PMapper
C:\Attracs\BoldForDelphi\Source\PMapper\Core
C:\Attracs\BoldForDelphi\Source\PMapper\DBEvolutor
C:\Attracs\BoldForDelphi\Source\PMapper\Default
C:\Attracs\BoldForDelphi\Source\PMapper\SQL
C:\Attracs\BoldForDelphi\Source\PMapper\Validator
C:\Attracs\BoldForDelphi\Source\PMapper\Validator\__history
C:\Attracs\BoldForDelphi\Source\Propagator
C:\Attracs\BoldForDelphi\Source\Propagator\COM
C:\Attracs\BoldForDelphi\Source\Propagator\Common
C:\Attracs\BoldForDelphi\Source\Propagator\Enterprise
C:\Attracs\BoldForDelphi\Source\Propagator\IDECOM
C:\Attracs\BoldForDelphi\Source\Propagator\LowEnd
C:\Attracs\BoldForDelphi\Source\Samples
C:\Attracs\BoldForDelphi\Source\Samples\Actions
C:\Attracs\BoldForDelphi\Source\Samples\BoldCheckListBox
C:\Attracs\BoldForDelphi\Source\Samples\ConstraintValidator
C:\Attracs\BoldForDelphi\Source\Samples\FormSaver
C:\Attracs\BoldForDelphi\Source\Samples\IDE
C:\Attracs\BoldForDelphi\Source\Samples\Misc
C:\Attracs\BoldForDelphi\Source\Samples\ModelLoader
C:\Attracs\BoldForDelphi\Source\Samples\NewObjectInterceptor
C:\Attracs\BoldForDelphi\Source\Samples\SortingGrid
C:\Attracs\BoldForDelphi\Source\Samples\SystemComparer
C:\Attracs\BoldForDelphi\Source\Samples\SystemDebugger
C:\Attracs\BoldForDelphi\Source\Samples\UMLPlugins
C:\Attracs\BoldForDelphi\Source\Samples\Unicode
C:\Attracs\BoldForDelphi\Source\UMLModel
C:\Attracs\BoldForDelphi\Source\UMLModel\Core
C:\Attracs\BoldForDelphi\Source\UMLModel\Editor
C:\Attracs\BoldForDelphi\Source\UMLModel\Handles
C:\Attracs\BoldForDelphi\Source\UMLModel\IDE
C:\Attracs\BoldForDelphi\Source\UMLModel\ModelLinks
C:\Attracs\BoldForDelphi\Source\UMLModel\ModelLinks\Core
C:\Attracs\BoldForDelphi\Source\UMLModel\ModelLinks\ModelMaker
C:\Attracs\BoldForDelphi\Source\UMLModel\ModelLinks\ModelMaker\Link
C:\Attracs\BoldForDelphi\Source\UMLModel\ModelLinks\ModelMaker\MMPlugin
C:\Attracs\BoldForDelphi\Source\UMLModel\ModelLinks\ModelMaker\Support
C:\Attracs\BoldForDelphi\Source\UMLModel\ModelLinks\Rose98
C:\Attracs\BoldForDelphi\Source\UMLModel\ModelLinks\XMI
C:\Attracs\BoldForDelphi\Source\UMLModel\Plugins
C:\Attracs\BoldForDelphi\Source\Unassigned
C:\Attracs\BoldForDelphi\Source\Unassigned\Asta
C:\Attracs\BoldForDelphi\Source\Unassigned\AutoInc
C:\Attracs\BoldForDelphi\Source\Unassigned\BDEUtils
C:\Attracs\BoldForDelphi\Source\Unassigned\BDEUtils\UtilsGuiBde
C:\Attracs\BoldForDelphi\Source\Unassigned\dbvalidate
C:\Attracs\BoldForDelphi\Source\Unassigned\patches
C:\Attracs\BoldForDelphi\Source\Unassigned\UMLPlugins
C:\Attracs\BoldForDelphi\Source\ValueSpace
C:\Attracs\BoldForDelphi\Source\ValueSpace\Condition
C:\Attracs\BoldForDelphi\Source\ValueSpace\ExternalEvents
C:\Attracs\BoldForDelphi\Source\ValueSpace\Id
C:\Attracs\BoldForDelphi\Source\ValueSpace\Interfaces
C:\Attracs\BoldForDelphi\Source\ValueSpace\XMLStreaming
